[debug] [2026-09-03T01:40:58.569Z] ----------------------------------------------------------------------
[debug] [2026-09-03T01:40:58.572Z] Command:       /usr/local/bin/node /usr/local/bin/firebase deploy --only hosting:hrvl-c0061-de1af
[debug] [2026-09-03T01:40:58.572Z] CLI Version:   15.26.0
[debug] [2026-09-03T01:40:58.572Z] Platform:      linux
[debug] [2026-09-03T01:40:58.573Z] Node Version:  v22.23.2
[debug] [2026-09-03T01:40:58.573Z] Detected Agent: unknown
[debug] [2026-09-03T01:40:58.573Z] Time:          Thu Sep 03 2026 01:40:58 GMT+0000 (Coordinated Universal Time)
[debug] [2026-09-03T01:40:58.573Z] ----------------------------------------------------------------------
[debug] 
[debug] [2026-09-03T01:40:58.592Z] >>> [apiv2][query] GET https://firebase-public.firebaseio.com/cli.json [none]
[debug] [2026-09-03T01:41:03.946Z] > command requires scopes: ["email","openid","https://www.googleapis.com/auth/cloudplatformprojects.readonly","https://www.googleapis.com/auth/firebase","https://www.googleapis.com/auth/cloud-platform"]
[debug] [2026-09-03T01:41:04.033Z] Running auto auth
[debug] [2026-09-03T01:41:04.053Z] [iam] checking project still-loader-mq4x8 for permissions ["firebase.projects.get","firebasehosting.sites.update"]
[debug] [2026-09-03T01:41:04.056Z] No OAuth tokens found
[debug] [2026-09-03T01:41:04.057Z] >>> [apiv2][query] POST https://cloudresourcemanager.googleapis.com/v1/projects/still-loader-mq4x8:testIamPermissions [none]
[debug] [2026-09-03T01:41:04.058Z] >>> [apiv2][(partial)header] POST https://cloudresourcemanager.googleapis.com/v1/projects/still-loader-mq4x8:testIamPermissions  x-goog-user-project=still-loader-mq4x8
[debug] [2026-09-03T01:41:04.059Z] >>> [apiv2][body] POST https://cloudresourcemanager.googleapis.com/v1/projects/still-loader-mq4x8:testIamPermissions {"permissions":["firebase.projects.get","firebasehosting.sites.update"]}
[debug] [2026-09-03T01:41:04.249Z] <<< [apiv2][status] GET https://firebase-public.firebaseio.com/cli.json 200
[debug] [2026-09-03T01:41:04.249Z] <<< [apiv2][body] GET https://firebase-public.firebaseio.com/cli.json {"cloudBuildErrorAfter":1594252800000,"cloudBuildWarnAfter":1590019200000,"defaultNode10After":1594252800000,"minVersion":"3.0.5","node8DeploysDisabledAfter":1613390400000,"node8RuntimeDisabledAfter":1615809600000,"node8WarnAfter":1600128000000}
[debug] [2026-09-03T01:41:04.836Z] <<< [apiv2][status] POST https://cloudresourcemanager.googleapis.com/v1/projects/still-loader-mq4x8:testIamPermissions 403
[debug] [2026-09-03T01:41:04.837Z] <<< [apiv2][body] POST https://cloudresourcemanager.googleapis.com/v1/projects/still-loader-mq4x8:testIamPermissions {"error":{"code":403,"message":"Caller does not have required permission to use project still-loader-mq4x8. Grant the caller the roles/serviceusage.serviceUsageConsumer role, or a custom role with the serviceusage.services.use permission, by visiting https://console.developers.google.com/iam-admin/iam?project=still-loader-mq4x8 and then retry. Propagation of the new permission may take a few minutes.","status":"PERMISSION_DENIED","details":[{"@type":"type.googleapis.com/google.rpc.ErrorInfo","reason":"USER_PROJECT_DENIED","domain":"googleapis.com","metadata":{"consoleUrl":"https://console.developers.google.com/iam-admin/iam?project=still-loader-mq4x8","containerInfo":"still-loader-mq4x8","consumer":"projects/still-loader-mq4x8","service":"cloudresourcemanager.googleapis.com"}},{"@type":"type.googleapis.com/google.rpc.LocalizedMessage","locale":"en-US","message":"Caller does not have required permission to use project still-loader-mq4x8. Grant the caller the roles/serviceusage.serviceUsageConsumer role, or a custom role with the serviceusage.services.use permission, by visiting https://console.developers.google.com/iam-admin/iam?project=still-loader-mq4x8 and then retry. Propagation of the new permission may take a few minutes."},{"@type":"type.googleapis.com/google.rpc.Help","links":[{"description":"Google developer console IAM admin","url":"https://console.developers.google.com/iam-admin/iam?project=still-loader-mq4x8"}]}]}}
[debug] [2026-09-03T01:41:04.839Z] [iam] error while checking permissions, command may fail: Request to https://cloudresourcemanager.googleapis.com/v1/projects/still-loader-mq4x8:testIamPermissions had HTTP Error: 403, Caller does not have required permission to use project still-loader-mq4x8. Grant the caller the roles/serviceusage.serviceUsageConsumer role, or a custom role with the serviceusage.services.use permission, by visiting https://console.developers.google.com/iam-admin/iam?project=still-loader-mq4x8 and then retry. Propagation of the new permission may take a few minutes.
[debug] [2026-09-03T01:41:04.844Z] No OAuth tokens found
[debug] [2026-09-03T01:41:04.845Z] >>> [apiv2][query] GET https://firebase.googleapis.com/v1beta1/projects/still-loader-mq4x8 [none]
[debug] [2026-09-03T01:41:04.935Z] <<< [apiv2][status] GET https://firebase.googleapis.com/v1beta1/projects/still-loader-mq4x8 403
[debug] [2026-09-03T01:41:04.937Z] <<< [apiv2][body] GET https://firebase.googleapis.com/v1beta1/projects/still-loader-mq4x8 {"error":{"code":403,"message":"Firebase Management API has not been used in project 334430702274 before or it is disabled. Enable it by visiting https://console.developers.google.com/apis/api/firebase.googleapis.com/overview?project=334430702274 then retry. If you enabled this API recently, wait a few minutes for the action to propagate to our systems and retry.","status":"PERMISSION_DENIED","details":[{"@type":"type.googleapis.com/google.rpc.ErrorInfo","reason":"SERVICE_DISABLED","domain":"googleapis.com","metadata":{"consumer":"projects/334430702274","service":"firebase.googleapis.com","activationUrl":"https://console.developers.google.com/apis/api/firebase.googleapis.com/overview?project=334430702274","serviceTitle":"Firebase Management API","containerInfo":"334430702274"}},{"@type":"type.googleapis.com/google.rpc.LocalizedMessage","locale":"en-US","message":"Firebase Management API has not been used in project 334430702274 before or it is disabled. Enable it by visiting https://console.developers.google.com/apis/api/firebase.googleapis.com/overview?project=334430702274 then retry. If you enabled this API recently, wait a few minutes for the action to propagate to our systems and retry."},{"@type":"type.googleapis.com/google.rpc.Help","links":[{"description":"Google developers console API activation","url":"https://console.developers.google.com/apis/api/firebase.googleapis.com/overview?project=334430702274"}]}]}}
[debug] [2026-09-03T01:41:04.938Z] Request to https://firebase.googleapis.com/v1beta1/projects/still-loader-mq4x8 had HTTP Error: 403, Firebase Management API has not been used in project 334430702274 before or it is disabled. Enable it by visiting https://console.developers.google.com/apis/api/firebase.googleapis.com/overview?project=334430702274 then retry. If you enabled this API recently, wait a few minutes for the action to propagate to our systems and retry.
[debug] [2026-09-03T01:41:04.941Z] FirebaseError: Request to https://firebase.googleapis.com/v1beta1/projects/still-loader-mq4x8 had HTTP Error: 403, Firebase Management API has not been used in project 334430702274 before or it is disabled. Enable it by visiting https://console.developers.google.com/apis/api/firebase.googleapis.com/overview?project=334430702274 then retry. If you enabled this API recently, wait a few minutes for the action to propagate to our systems and retry.
    at responseToError (/usr/local/lib/node_modules/firebase-tools/lib/responseToError.js:53:12)
    at RetryOperation._fn (/usr/local/lib/node_modules/firebase-tools/lib/apiv2.js:415:77)
    at process.processTicksAndRejections (node:internal/process/task_queues:103:5)
[error] 
[error] Error: Failed to get Firebase project still-loader-mq4x8. Please make sure the project exists and your account has permission to access it.
